::1 - - [05/Sep/2026 11:21:41] "GET / HTTP/1.1" 200 -
::1 - - [05/Sep/2026 11:21:48] "GET /payment-callback.html HTTP/1.1" 200 -
::1 - - [05/Sep/2026 11:25:49] "GET / HTTP/1.1" 200 -
::1 - - [05/Sep/2026 11:25:49] "GET /styles.css HTTP/1.1" 200 -
::1 - - [05/Sep/2026 11:25:49] "GET /security.js?v=1788601712 HTTP/1.1" 200 -
::1 - - [05/Sep/2026 11:25:49] "GET /api.js?v=1788601712 HTTP/1.1" 200 -
::1 - - [05/Sep/2026 11:25:49] "GET /products.js?v=1788601712 HTTP/1.1" 200 -
::1 - - [05/Sep/2026 11:25:49] "GET /cart.js?v=1788601712 HTTP/1.1" 200 -
::1 - - [05/Sep/2026 11:25:49] "GET /auth.js?v=1788601712 HTTP/1.1" 200 -
::1 - - [05/Sep/2026 11:25:49] "GET /scripts.js?v=1788601712 HTTP/1.1" 200 -
::1 - - [05/Sep/2026 11:25:49] "GET /manifest.json HTTP/1.1" 200 -
::1 - - [05/Sep/2026 11:25:49] "GET /favicon.ico HTTP/1.1" 200 -
::1 - - [05/Sep/2026 11:30:00] "GET /images/placeholder.png HTTP/1.1" 200 -
::1 - - [05/Sep/2026 11:30:34] "GET /cart.html HTTP/1.1" 200 -
::1 - - [05/Sep/2026 11:30:34] "GET /security.js HTTP/1.1" 200 -
::1 - - [05/Sep/2026 11:30:34] "GET /api.js HTTP/1.1" 200 -
::1 - - [05/Sep/2026 11:30:34] "GET /products.js HTTP/1.1" 200 -
::1 - - [05/Sep/2026 11:30:34] "GET /cart.js HTTP/1.1" 200 -
::1 - - [05/Sep/2026 11:30:34] "GET /auth.js HTTP/1.1" 200 -
::1 - - [05/Sep/2026 11:30:34] "GET /scripts.js HTTP/1.1" 200 -
::1 - - [05/Sep/2026 11:30:34] code 404, message File not found
::1 - - [05/Sep/2026 11:30:34] "GET /images/rings-10.jpg HTTP/1.1" 404 -
::1 - - [05/Sep/2026 11:30:36] "GET /checkout.html HTTP/1.1" 200 -
::1 - - [05/Sep/2026 11:30:36] "GET /checkout.js HTTP/1.1" 200 -
::1 - - [05/Sep/2026 11:31:04] "GET /payment-callback.html?trxref=ORD_AUR-178860784793E8&reference=ORD_AUR-178860784793E8 HTTP/1.1" 200 -
::1 - - [05/Sep/2026 11:31:11] "GET /index.html HTTP/1.1" 200 -
::1 - - [05/Sep/2026 11:31:13] code 404, message File not found
::1 - - [05/Sep/2026 11:31:13] "GET /images/rings-10.jpg HTTP/1.1" 404 -
::1 - - [05/Sep/2026 11:31:16] "GET /account.html HTTP/1.1" 200 -
::1 - - [05/Sep/2026 11:31:18] "GET /login.html HTTP/1.1" 200 -
::1 - - [05/Sep/2026 11:31:18] "GET /products.js?v=1788601712 HTTP/1.1" 304 -
::1 - - [05/Sep/2026 11:31:24] "GET /category.html?cat=earrings HTTP/1.1" 200 -
::1 - - [05/Sep/2026 11:31:24] "GET /scripts.js?v=1788601712 HTTP/1.1" 304 -
::1 - - [05/Sep/2026 11:31:31] "GET /auth-forms.js?v=1788601712 HTTP/1.1" 200 -
::1 - - [05/Sep/2026 11:31:41] "GET /admin-products.html HTTP/1.1" 200 -
::1 - - [05/Sep/2026 11:31:41] "GET /security.js?v=1788602258 HTTP/1.1" 200 -
::1 - - [05/Sep/2026 11:31:41] "GET /products.js?v=1788602258 HTTP/1.1" 200 -
::1 - - [05/Sep/2026 11:31:41] "GET /auth.js?v=1788602258 HTTP/1.1" 200 -
::1 - - [05/Sep/2026 11:31:41] "GET /cart.js?v=1788602258 HTTP/1.1" 200 -
::1 - - [05/Sep/2026 11:31:41] "GET /api.js?v=1788602258 HTTP/1.1" 200 -
::1 - - [05/Sep/2026 11:31:41] "GET /scripts.js?v=1788602258 HTTP/1.1" 200 -
::1 - - [05/Sep/2026 11:31:41] "GET /admin-products.js?v=1788602258 HTTP/1.1" 200 -
::1 - - [05/Sep/2026 11:31:41] "GET /admin.js?v=1788602258 HTTP/1.1" 200 -
::1 - - [05/Sep/2026 11:31:41] "GET /images/5d1605b89c3046a093e3453effcf46bc.jpeg HTTP/1.1" 200 -
::1 - - [05/Sep/2026 11:32:50] "GET /category.html HTTP/1.1" 200 -
::1 - - [05/Sep/2026 11:32:50] "GET /products.js?v=1788601712 HTTP/1.1" 304 -
::1 - - [05/Sep/2026 11:32:50] "GET /scripts.js?v=1788601712 HTTP/1.1" 304 -
::1 - - [05/Sep/2026 11:32:56] code 404, message File not found
::1 - - [05/Sep/2026 11:32:56] "GET /images/sets-10.jpg HTTP/1.1" 404 -
::1 - - [05/Sep/2026 11:32:56] code 404, message File not found
::1 - - [05/Sep/2026 11:32:56] "GET /images/sets-10.jpg HTTP/1.1" 404 -
::1 - - [05/Sep/2026 11:33:06] code 404, message File not found
::1 - - [05/Sep/2026 11:33:06] "GET /images/sets-10.jpg HTTP/1.1" 404 -
::1 - - [05/Sep/2026 11:33:14] code 404, message File not found
::1 - - [05/Sep/2026 11:33:14] "GET /images/sets-10.jpg HTTP/1.1" 404 -
::1 - - [05/Sep/2026 11:33:31] code 404, message File not found
::1 - - [05/Sep/2026 11:33:31] "GET /.well-known/appspecific/com.chrome.devtools.json HTTP/1.1" 404 -
::1 - - [05/Sep/2026 11:38:33] "GET /category.html?cat=necklaces HTTP/1.1" 200 -
::1 - - [05/Sep/2026 11:38:33] "GET /api.js?v=1788601712 HTTP/1.1" 304 -
::1 - - [05/Sep/2026 11:38:34] "GET /scripts.js?v=1788601712 HTTP/1.1" 200 -
::1 - - [05/Sep/2026 11:38:34] "GET /products.js?v=1788601712 HTTP/1.1" 304 -
::1 - - [05/Sep/2026 11:38:42] "GET /products.js?v=1788602258 HTTP/1.1" 304 -
::1 - - [05/Sep/2026 11:38:42] "GET /scripts.js?v=1788602258 HTTP/1.1" 200 -
::1 - - [05/Sep/2026 11:39:09] "GET /admin-orders.html HTTP/1.1" 200 -
::1 - - [05/Sep/2026 11:39:09] "GET /admin.js?v=1788601712 HTTP/1.1" 200 -
::1 - - [05/Sep/2026 11:39:09] "GET /scripts.js?v=1788601712 HTTP/1.1" 304 -
::1 - - [05/Sep/2026 11:39:11] "GET /admin-users.html HTTP/1.1" 200 -
::1 - - [05/Sep/2026 11:39:20] "GET /admin-analytics.html HTTP/1.1" 200 -
::1 - - [05/Sep/2026 11:39:25] "GET /admin-audit-logs.html HTTP/1.1" 200 -
::1 - - [05/Sep/2026 11:39:25] "GET /scripts.js?v=1788601712 HTTP/1.1" 304 -
::1 - - [05/Sep/2026 11:39:35] "GET /admin.html HTTP/1.1" 200 -
::1 - - [05/Sep/2026 11:39:38] "GET /products.js HTTP/1.1" 304 -
::1 - - [05/Sep/2026 11:39:38] "GET /scripts.js HTTP/1.1" 200 -
::1 - - [05/Sep/2026 11:39:39] code 404, message File not found
::1 - - [05/Sep/2026 11:39:39] "GET /images/sets-10.jpg HTTP/1.1" 404 -
::1 - - [05/Sep/2026 11:39:39] code 404, message File not found
::1 - - [05/Sep/2026 11:39:39] "GET /images/sets-10.jpg HTTP/1.1" 404 -
::1 - - [05/Sep/2026 11:39:50] "GET /scripts.js?v=1788601712 HTTP/1.1" 304 -
::1 - - [05/Sep/2026 11:40:03] "GET /admin.html HTTP/1.1" 200 -
::1 - - [05/Sep/2026 11:40:03] "GET /styles.css HTTP/1.1" 200 -
::1 - - [05/Sep/2026 11:40:03] "GET /security.js?v=1788601712 HTTP/1.1" 200 -
::1 - - [05/Sep/2026 11:40:03] "GET /api.js?v=1788601712 HTTP/1.1" 200 -
::1 - - [05/Sep/2026 11:40:03] "GET /products.js?v=1788601712 HTTP/1.1" 200 -
::1 - - [05/Sep/2026 11:40:04] "GET /cart.js?v=1788601712 HTTP/1.1" 200 -
::1 - - [05/Sep/2026 11:40:04] "GET /auth.js?v=1788601712 HTTP/1.1" 200 -
::1 - - [05/Sep/2026 11:40:04] "GET /scripts.js?v=1788601712 HTTP/1.1" 200 -
::1 - - [05/Sep/2026 11:40:04] "GET /admin.js?v=1788601712 HTTP/1.1" 200 -
::1 - - [05/Sep/2026 11:40:04] "GET /favicon.ico HTTP/1.1" 200 -
::1 - - [05/Sep/2026 11:40:08] code 404, message File not found
::1 - - [05/Sep/2026 11:40:08] "GET /.well-known/appspecific/com.chrome.devtools.json HTTP/1.1" 404 -
::1 - - [05/Sep/2026 11:43:23] "GET /checkout.html HTTP/1.1" 200 -
::1 - - [05/Sep/2026 11:43:23] "GET /checkout.js HTTP/1.1" 200 -
::1 - - [05/Sep/2026 11:43:23] "GET /auth-forms.js HTTP/1.1" 200 -
::1 - - [05/Sep/2026 11:43:23] "GET /scripts.js HTTP/1.1" 200 -
::1 - - [05/Sep/2026 11:43:34] "GET /checkout.js HTTP/1.1" 200 -
::1 - - [05/Sep/2026 11:43:34] "GET /auth-forms.js HTTP/1.1" 200 -
::1 - - [05/Sep/2026 11:45:55] "GET /checkout.html HTTP/1.1" 200 -
::1 - - [05/Sep/2026 11:45:55] "GET /styles.css HTTP/1.1" 200 -
::1 - - [05/Sep/2026 11:45:55] "GET /security.js HTTP/1.1" 200 -
::1 - - [05/Sep/2026 11:45:55] "GET /api.js HTTP/1.1" 200 -
::1 - - [05/Sep/2026 11:45:55] "GET /products.js HTTP/1.1" 200 -
::1 - - [05/Sep/2026 11:45:55] "GET /cart.js HTTP/1.1" 200 -
::1 - - [05/Sep/2026 11:45:55] "GET /auth.js HTTP/1.1" 200 -
::1 - - [05/Sep/2026 11:45:55] "GET /scripts.js HTTP/1.1" 200 -
::1 - - [05/Sep/2026 11:45:55] "GET /checkout.js HTTP/1.1" 200 -
::1 - - [05/Sep/2026 11:45:56] "GET /favicon.ico HTTP/1.1" 200 -
::1 - - [05/Sep/2026 11:46:16] code 404, message File not found
::1 - - [05/Sep/2026 11:46:16] "GET /.well-known/appspecific/com.chrome.devtools.json HTTP/1.1" 404 -
::1 - - [05/Sep/2026 11:46:24] "GET /category.html HTTP/1.1" 304 -
::1 - - [05/Sep/2026 11:46:24] "GET /scripts.js?v=1788601712 HTTP/1.1" 304 -
::1 - - [05/Sep/2026 11:46:24] "GET /images/placeholder.png HTTP/1.1" 304 -
::1 - - [05/Sep/2026 11:46:26] "GET /category.html HTTP/1.1" 200 -
::1 - - [05/Sep/2026 11:46:26] "GET /styles.css HTTP/1.1" 200 -
::1 - - [05/Sep/2026 11:46:26] "GET /security.js?v=1788601712 HTTP/1.1" 200 -
::1 - - [05/Sep/2026 11:46:26] "GET /api.js?v=1788601712 HTTP/1.1" 200 -
::1 - - [05/Sep/2026 11:46:26] "GET /products.js?v=1788601712 HTTP/1.1" 200 -
::1 - - [05/Sep/2026 11:46:26] "GET /cart.js?v=1788601712 HTTP/1.1" 200 -
::1 - - [05/Sep/2026 11:46:26] "GET /auth.js?v=1788601712 HTTP/1.1" 200 -
::1 - - [05/Sep/2026 11:46:26] "GET /scripts.js?v=1788601712 HTTP/1.1" 200 -
::1 - - [05/Sep/2026 11:46:26] "GET /category.html HTTP/1.1" 200 -
::1 - - [05/Sep/2026 11:46:26] "GET /styles.css HTTP/1.1" 200 -
::1 - - [05/Sep/2026 11:46:26] "GET /security.js?v=1788601712 HTTP/1.1" 200 -
::1 - - [05/Sep/2026 11:46:26] "GET /products.js?v=1788601712 HTTP/1.1" 200 -
::1 - - [05/Sep/2026 11:46:26] "GET /api.js?v=1788601712 HTTP/1.1" 200 -
::1 - - [05/Sep/2026 11:46:26] "GET /cart.js?v=1788601712 HTTP/1.1" 200 -
::1 - - [05/Sep/2026 11:46:26] "GET /scripts.js?v=1788601712 HTTP/1.1" 200 -
::1 - - [05/Sep/2026 11:46:26] "GET /auth.js?v=1788601712 HTTP/1.1" 200 -
::1 - - [05/Sep/2026 11:46:26] "GET /category.html HTTP/1.1" 200 -
::1 - - [05/Sep/2026 11:46:26] "GET /styles.css HTTP/1.1" 200 -
::1 - - [05/Sep/2026 11:46:26] "GET /security.js?v=1788601712 HTTP/1.1" 200 -
::1 - - [05/Sep/2026 11:46:26] "GET /api.js?v=1788601712 HTTP/1.1" 200 -
::1 - - [05/Sep/2026 11:46:26] "GET /products.js?v=1788601712 HTTP/1.1" 200 -
::1 - - [05/Sep/2026 11:46:26] "GET /cart.js?v=1788601712 HTTP/1.1" 200 -
::1 - - [05/Sep/2026 11:46:26] "GET /auth.js?v=1788601712 HTTP/1.1" 200 -
::1 - - [05/Sep/2026 11:46:26] "GET /scripts.js?v=1788601712 HTTP/1.1" 200 -
::1 - - [05/Sep/2026 11:46:26] "GET /category.html HTTP/1.1" 200 -
::1 - - [05/Sep/2026 11:46:26] "GET /styles.css HTTP/1.1" 200 -
::1 - - [05/Sep/2026 11:46:26] "GET /security.js?v=1788601712 HTTP/1.1" 200 -
::1 - - [05/Sep/2026 11:46:26] "GET /api.js?v=1788601712 HTTP/1.1" 200 -
::1 - - [05/Sep/2026 11:46:26] "GET /products.js?v=1788601712 HTTP/1.1" 200 -
::1 - - [05/Sep/2026 11:46:26] "GET /cart.js?v=1788601712 HTTP/1.1" 200 -
::1 - - [05/Sep/2026 11:46:26] "GET /auth.js?v=1788601712 HTTP/1.1" 200 -
::1 - - [05/Sep/2026 11:46:26] "GET /scripts.js?v=1788601712 HTTP/1.1" 200 -
::1 - - [05/Sep/2026 11:46:27] "GET /images/5d1605b89c3046a093e3453effcf46bc.jpeg HTTP/1.1" 200 -
::1 - - [05/Sep/2026 11:46:27] "GET /images/placeholder.png HTTP/1.1" 200 -
::1 - - [05/Sep/2026 11:46:27] "GET /favicon.ico HTTP/1.1" 200 -
::1 - - [05/Sep/2026 11:46:28] "GET /product.html?id=poiuyt HTTP/1.1" 200 -
::1 - - [05/Sep/2026 11:47:00] "GET /account.html HTTP/1.1" 304 -
::1 - - [05/Sep/2026 11:47:02] "GET /login.html HTTP/1.1" 304 -
::1 - - [05/Sep/2026 11:47:02] "GET /index.html HTTP/1.1" 304 -
::1 - - [05/Sep/2026 11:47:10] "GET /scripts.js HTTP/1.1" 304 -
::1 - - [05/Sep/2026 11:47:10] code 404, message File not found
::1 - - [05/Sep/2026 11:47:10] "GET /images/sets-10.jpg HTTP/1.1" 404 -
::1 - - [05/Sep/2026 11:47:12] "GET /login.html?redirect=checkout.html HTTP/1.1" 200 -
::1 - - [05/Sep/2026 11:47:24] "GET /scripts.js?v=1788601712 HTTP/1.1" 304 -
::1 - - [05/Sep/2026 11:47:57] "GET /admin-products.html HTTP/1.1" 304 -
::1 - - [05/Sep/2026 11:47:57] "GET /api.js?v=1788602258 HTTP/1.1" 304 -
::1 - - [05/Sep/2026 11:47:57] "GET /scripts.js?v=1788602258 HTTP/1.1" 304 -
::1 - - [05/Sep/2026 11:47:57] "GET /admin.js?v=1788602258 HTTP/1.1" 304 -
::1 - - [05/Sep/2026 11:47:57] "GET /admin-products.js?v=1788602258 HTTP/1.1" 304 -
::1 - - [05/Sep/2026 11:47:57] "GET /products.js?v=1788602258 HTTP/1.1" 304 -
::1 - - [05/Sep/2026 11:48:04] code 404, message File not found
::1 - - [05/Sep/2026 11:48:04] "GET /.well-known/appspecific/com.chrome.devtools.json HTTP/1.1" 404 -
::1 - - [05/Sep/2026 12:05:17] "GET /admin.html HTTP/1.1" 200 -
::1 - - [05/Sep/2026 12:05:17] "GET /styles.css HTTP/1.1" 200 -
::1 - - [05/Sep/2026 12:05:17] "GET /security.js?v=1788601712 HTTP/1.1" 200 -
::1 - - [05/Sep/2026 12:05:17] "GET /api.js?v=1788601712 HTTP/1.1" 200 -
::1 - - [05/Sep/2026 12:05:17] "GET /products.js?v=1788601712 HTTP/1.1" 200 -
::1 - - [05/Sep/2026 12:05:17] "GET /cart.js?v=1788601712 HTTP/1.1" 200 -
::1 - - [05/Sep/2026 12:05:17] "GET /auth.js?v=1788601712 HTTP/1.1" 200 -
::1 - - [05/Sep/2026 12:05:17] "GET /scripts.js?v=1788601712 HTTP/1.1" 200 -
::1 - - [05/Sep/2026 12:05:17] "GET /admin.js?v=1788601712 HTTP/1.1" 200 -
::1 - - [05/Sep/2026 12:05:17] code 404, message File not found
::1 - - [05/Sep/2026 12:05:17] "GET /.well-known/appspecific/com.chrome.devtools.json HTTP/1.1" 404 -
::1 - - [05/Sep/2026 12:05:18] "GET /favicon.ico HTTP/1.1" 200 -
::1 - - [05/Sep/2026 12:05:46] "GET /admin-orders.html HTTP/1.1" 304 -
::1 - - [05/Sep/2026 12:05:52] code 404, message File not found
::1 - - [05/Sep/2026 12:05:52] "GET /.well-known/appspecific/com.chrome.devtools.json HTTP/1.1" 404 -
::1 - - [05/Sep/2026 12:05:56] "GET /admin.html HTTP/1.1" 200 -
::1 - - [05/Sep/2026 12:05:56] "GET /styles.css HTTP/1.1" 200 -
::1 - - [05/Sep/2026 12:05:56] "GET /security.js?v=1788601712 HTTP/1.1" 200 -
::1 - - [05/Sep/2026 12:05:56] "GET /cart.js?v=1788601712 HTTP/1.1" 200 -
::1 - - [05/Sep/2026 12:05:56] "GET /products.js?v=1788601712 HTTP/1.1" 200 -
::1 - - [05/Sep/2026 12:05:56] "GET /api.js?v=1788601712 HTTP/1.1" 200 -
::1 - - [05/Sep/2026 12:05:56] "GET /auth.js?v=1788601712 HTTP/1.1" 200 -
::1 - - [05/Sep/2026 12:05:56] "GET /scripts.js?v=1788601712 HTTP/1.1" 200 -
::1 - - [05/Sep/2026 12:05:56] "GET /admin.js?v=1788601712 HTTP/1.1" 200 -
::1 - - [05/Sep/2026 12:05:56] code 404, message File not found
::1 - - [05/Sep/2026 12:05:56] "GET /.well-known/appspecific/com.chrome.devtools.json HTTP/1.1" 404 -
::1 - - [05/Sep/2026 12:06:06] "GET /admin.html HTTP/1.1" 200 -
::1 - - [05/Sep/2026 12:06:06] "GET /styles.css HTTP/1.1" 200 -
::1 - - [05/Sep/2026 12:06:06] "GET /security.js?v=1788601712 HTTP/1.1" 200 -
::1 - - [05/Sep/2026 12:06:06] "GET /api.js?v=1788601712 HTTP/1.1" 200 -
::1 - - [05/Sep/2026 12:06:06] "GET /products.js?v=1788601712 HTTP/1.1" 200 -
::1 - - [05/Sep/2026 12:06:06] "GET /cart.js?v=1788601712 HTTP/1.1" 200 -
::1 - - [05/Sep/2026 12:06:06] "GET /auth.js?v=1788601712 HTTP/1.1" 200 -
::1 - - [05/Sep/2026 12:06:06] "GET /scripts.js?v=1788601712 HTTP/1.1" 200 -
::1 - - [05/Sep/2026 12:06:06] "GET /admin.js?v=1788601712 HTTP/1.1" 200 -
::1 - - [05/Sep/2026 12:06:06] code 404, message File not found
::1 - - [05/Sep/2026 12:06:06] "GET /.well-known/appspecific/com.chrome.devtools.json HTTP/1.1" 404 -
::1 - - [05/Sep/2026 12:06:07] "GET /favicon.ico HTTP/1.1" 200 -
::1 - - [05/Sep/2026 12:06:11] "GET /admin-orders.html HTTP/1.1" 200 -
::1 - - [05/Sep/2026 12:06:11] "GET /security.js?v=1788601712 HTTP/1.1" 200 -
::1 - - [05/Sep/2026 12:06:11] "GET /styles.css HTTP/1.1" 200 -
::1 - - [05/Sep/2026 12:06:11] "GET /api.js?v=1788601712 HTTP/1.1" 200 -
::1 - - [05/Sep/2026 12:06:11] "GET /products.js?v=1788601712 HTTP/1.1" 200 -
::1 - - [05/Sep/2026 12:06:11] "GET /cart.js?v=1788601712 HTTP/1.1" 200 -
::1 - - [05/Sep/2026 12:06:11] "GET /auth.js?v=1788601712 HTTP/1.1" 200 -
::1 - - [05/Sep/2026 12:06:11] "GET /scripts.js?v=1788601712 HTTP/1.1" 200 -
::1 - - [05/Sep/2026 12:06:11] "GET /admin.js?v=1788601712 HTTP/1.1" 200 -
::1 - - [05/Sep/2026 12:06:11] code 404, message File not found
::1 - - [05/Sep/2026 12:06:11] "GET /.well-known/appspecific/com.chrome.devtools.json HTTP/1.1" 404 -
::1 - - [05/Sep/2026 12:06:15] "GET /admin-products.html HTTP/1.1" 200 -
::1 - - [05/Sep/2026 12:06:15] "GET /styles.css HTTP/1.1" 200 -
::1 - - [05/Sep/2026 12:06:15] "GET /security.js?v=1788602258 HTTP/1.1" 200 -
::1 - - [05/Sep/2026 12:06:15] "GET /api.js?v=1788602258 HTTP/1.1" 200 -
::1 - - [05/Sep/2026 12:06:15] "GET /products.js?v=1788602258 HTTP/1.1" 200 -
::1 - - [05/Sep/2026 12:06:15] "GET /cart.js?v=1788602258 HTTP/1.1" 200 -
::1 - - [05/Sep/2026 12:06:15] "GET /auth.js?v=1788602258 HTTP/1.1" 200 -
::1 - - [05/Sep/2026 12:06:15] "GET /scripts.js?v=1788602258 HTTP/1.1" 200 -
::1 - - [05/Sep/2026 12:06:15] "GET /admin.js?v=1788602258 HTTP/1.1" 200 -
::1 - - [05/Sep/2026 12:06:15] "GET /admin-products.js?v=1788602258 HTTP/1.1" 200 -
::1 - - [05/Sep/2026 12:06:15] code 404, message File not found
::1 - - [05/Sep/2026 12:06:15] "GET /.well-known/appspecific/com.chrome.devtools.json HTTP/1.1" 404 -
::1 - - [05/Sep/2026 12:06:16] "GET /images/5d1605b89c3046a093e3453effcf46bc.jpeg HTTP/1.1" 200 -
::1 - - [05/Sep/2026 12:06:16] "GET /images/placeholder.png HTTP/1.1" 200 -
::1 - - [05/Sep/2026 12:06:18] "GET /admin-audit-logs.html HTTP/1.1" 200 -
::1 - - [05/Sep/2026 12:06:18] "GET /styles.css HTTP/1.1" 200 -
::1 - - [05/Sep/2026 12:06:18] "GET /security.js?v=1788601712 HTTP/1.1" 200 -
::1 - - [05/Sep/2026 12:06:18] "GET /api.js?v=1788601712 HTTP/1.1" 200 -
::1 - - [05/Sep/2026 12:06:18] "GET /cart.js?v=1788601712 HTTP/1.1" 200 -
::1 - - [05/Sep/2026 12:06:18] "GET /products.js?v=1788601712 HTTP/1.1" 200 -
::1 - - [05/Sep/2026 12:06:18] "GET /auth.js?v=1788601712 HTTP/1.1" 200 -
::1 - - [05/Sep/2026 12:06:18] "GET /admin.js?v=1788601712 HTTP/1.1" 200 -
::1 - - [05/Sep/2026 12:06:18] "GET /scripts.js?v=1788601712 HTTP/1.1" 200 -
::1 - - [05/Sep/2026 12:06:18] code 404, message File not found
::1 - - [05/Sep/2026 12:06:18] "GET /.well-known/appspecific/com.chrome.devtools.json HTTP/1.1" 404 -
::1 - - [05/Sep/2026 12:06:20] "GET /admin-users.html HTTP/1.1" 200 -
::1 - - [05/Sep/2026 12:06:20] "GET /styles.css HTTP/1.1" 200 -
::1 - - [05/Sep/2026 12:06:20] "GET /security.js?v=1788601712 HTTP/1.1" 200 -
::1 - - [05/Sep/2026 12:06:20] "GET /products.js?v=1788601712 HTTP/1.1" 200 -
::1 - - [05/Sep/2026 12:06:20] "GET /api.js?v=1788601712 HTTP/1.1" 200 -
::1 - - [05/Sep/2026 12:06:20] "GET /cart.js?v=1788601712 HTTP/1.1" 200 -
::1 - - [05/Sep/2026 12:06:20] "GET /auth.js?v=1788601712 HTTP/1.1" 200 -
::1 - - [05/Sep/2026 12:06:20] "GET /scripts.js?v=1788601712 HTTP/1.1" 200 -
::1 - - [05/Sep/2026 12:06:20] "GET /admin.js?v=1788601712 HTTP/1.1" 200 -
::1 - - [05/Sep/2026 12:06:20] code 404, message File not found
::1 - - [05/Sep/2026 12:06:20] "GET /.well-known/appspecific/com.chrome.devtools.json HTTP/1.1" 404 -
::1 - - [05/Sep/2026 12:06:21] "GET /admin-suppliers.html HTTP/1.1" 200 -
::1 - - [05/Sep/2026 12:06:21] "GET /styles.css HTTP/1.1" 200 -
::1 - - [05/Sep/2026 12:06:21] "GET /security.js?v=1788601712 HTTP/1.1" 200 -
::1 - - [05/Sep/2026 12:06:21] "GET /api.js?v=1788601712 HTTP/1.1" 200 -
::1 - - [05/Sep/2026 12:06:21] "GET /supplier.js?v=1788601712 HTTP/1.1" 200 -
::1 - - [05/Sep/2026 12:06:21] "GET /cart.js?v=1788601712 HTTP/1.1" 200 -
::1 - - [05/Sep/2026 12:06:21] "GET /auth.js?v=1788601712 HTTP/1.1" 200 -
::1 - - [05/Sep/2026 12:06:21] "GET /scripts.js?v=1788601712 HTTP/1.1" 200 -
::1 - - [05/Sep/2026 12:06:21] "GET /admin.js?v=1788601712 HTTP/1.1" 200 -
::1 - - [05/Sep/2026 12:06:21] code 404, message File not found
::1 - - [05/Sep/2026 12:06:21] "GET /.well-known/appspecific/com.chrome.devtools.json HTTP/1.1" 404 -
::1 - - [05/Sep/2026 12:06:23] "GET /admin-audit-logs.html HTTP/1.1" 200 -
::1 - - [05/Sep/2026 12:06:23] "GET /styles.css HTTP/1.1" 200 -
::1 - - [05/Sep/2026 12:06:23] "GET /security.js?v=1788601712 HTTP/1.1" 200 -
::1 - - [05/Sep/2026 12:06:23] "GET /api.js?v=1788601712 HTTP/1.1" 200 -
::1 - - [05/Sep/2026 12:06:23] "GET /products.js?v=1788601712 HTTP/1.1" 200 -
::1 - - [05/Sep/2026 12:06:23] "GET /cart.js?v=1788601712 HTTP/1.1" 200 -
::1 - - [05/Sep/2026 12:06:23] "GET /auth.js?v=1788601712 HTTP/1.1" 200 -
::1 - - [05/Sep/2026 12:06:23] "GET /scripts.js?v=1788601712 HTTP/1.1" 200 -
::1 - - [05/Sep/2026 12:06:23] code 404, message File not found
::1 - - [05/Sep/2026 12:06:23] "GET /admin.js?v=1788601712 HTTP/1.1" 200 -
::1 - - [05/Sep/2026 12:06:23] "GET /.well-known/appspecific/com.chrome.devtools.json HTTP/1.1" 404 -
::1 - - [05/Sep/2026 12:06:25] "GET /admin-analytics.html HTTP/1.1" 200 -
::1 - - [05/Sep/2026 12:06:25] "GET /styles.css HTTP/1.1" 200 -
::1 - - [05/Sep/2026 12:06:25] "GET /security.js?v=1788601712 HTTP/1.1" 200 -
::1 - - [05/Sep/2026 12:06:25] "GET /api.js?v=1788601712 HTTP/1.1" 200 -
::1 - - [05/Sep/2026 12:06:25] "GET /products.js?v=1788601712 HTTP/1.1" 200 -
::1 - - [05/Sep/2026 12:06:25] "GET /cart.js?v=1788601712 HTTP/1.1" 200 -
::1 - - [05/Sep/2026 12:06:25] "GET /auth.js?v=1788601712 HTTP/1.1" 200 -
::1 - - [05/Sep/2026 12:06:25] "GET /scripts.js?v=1788601712 HTTP/1.1" 200 -
::1 - - [05/Sep/2026 12:06:25] code 404, message File not found
::1 - - [05/Sep/2026 12:06:25] "GET /admin.js?v=1788601712 HTTP/1.1" 200 -
::1 - - [05/Sep/2026 12:06:25] "GET /.well-known/appspecific/com.chrome.devtools.json HTTP/1.1" 404 -
::1 - - [05/Sep/2026 12:06:27] "GET /admin-users.html HTTP/1.1" 200 -
::1 - - [05/Sep/2026 12:06:27] "GET /styles.css HTTP/1.1" 200 -
::1 - - [05/Sep/2026 12:06:27] "GET /security.js?v=1788601712 HTTP/1.1" 200 -
::1 - - [05/Sep/2026 12:06:27] "GET /api.js?v=1788601712 HTTP/1.1" 200 -
::1 - - [05/Sep/2026 12:06:27] "GET /products.js?v=1788601712 HTTP/1.1" 200 -
::1 - - [05/Sep/2026 12:06:27] "GET /cart.js?v=1788601712 HTTP/1.1" 200 -
::1 - - [05/Sep/2026 12:06:27] "GET /auth.js?v=1788601712 HTTP/1.1" 200 -
::1 - - [05/Sep/2026 12:06:27] "GET /scripts.js?v=1788601712 HTTP/1.1" 200 -
::1 - - [05/Sep/2026 12:06:27] "GET /admin.js?v=1788601712 HTTP/1.1" 200 -
::1 - - [05/Sep/2026 12:06:27] code 404, message File not found
::1 - - [05/Sep/2026 12:06:27] "GET /.well-known/appspecific/com.chrome.devtools.json HTTP/1.1" 404 -
::1 - - [05/Sep/2026 12:16:37] "GET /admin-orders.html HTTP/1.1" 200 -
::1 - - [05/Sep/2026 12:16:46] "GET /admin-orders.js?v=1788609000 HTTP/1.1" 200 -
::1 - - [05/Sep/2026 12:18:02] "GET /admin-users.html HTTP/1.1" 200 -
::1 - - [05/Sep/2026 12:18:02] "GET /styles.css HTTP/1.1" 200 -
::1 - - [05/Sep/2026 12:18:02] "GET /products.js?v=1788601712 HTTP/1.1" 200 -
::1 - - [05/Sep/2026 12:18:02] "GET /api.js?v=1788601712 HTTP/1.1" 200 -
::1 - - [05/Sep/2026 12:18:02] "GET /security.js?v=1788601712 HTTP/1.1" 200 -
::1 - - [05/Sep/2026 12:18:02] "GET /cart.js?v=1788601712 HTTP/1.1" 200 -
::1 - - [05/Sep/2026 12:18:02] "GET /auth.js?v=1788601712 HTTP/1.1" 200 -
::1 - - [05/Sep/2026 12:18:02] "GET /scripts.js?v=1788601712 HTTP/1.1" 200 -
::1 - - [05/Sep/2026 12:18:02] "GET /admin.js?v=1788601712 HTTP/1.1" 200 -
::1 - - [05/Sep/2026 12:18:02] code 404, message File not found
::1 - - [05/Sep/2026 12:18:02] "GET /.well-known/appspecific/com.chrome.devtools.json HTTP/1.1" 404 -
::1 - - [05/Sep/2026 12:18:03] "GET /favicon.ico HTTP/1.1" 200 -
::1 - - [05/Sep/2026 12:18:05] "GET /admin-orders.html HTTP/1.1" 200 -
::1 - - [05/Sep/2026 12:18:05] "GET /styles.css HTTP/1.1" 200 -
::1 - - [05/Sep/2026 12:18:05] "GET /products.js?v=1788609000 HTTP/1.1" 200 -
::1 - - [05/Sep/2026 12:18:05] "GET /api.js?v=1788609000 HTTP/1.1" 200 -
::1 - - [05/Sep/2026 12:18:05] "GET /security.js?v=1788609000 HTTP/1.1" 200 -
::1 - - [05/Sep/2026 12:18:05] "GET /auth.js?v=1788609000 HTTP/1.1" 200 -
::1 - - [05/Sep/2026 12:18:05] "GET /cart.js?v=1788609000 HTTP/1.1" 200 -
::1 - - [05/Sep/2026 12:18:05] "GET /scripts.js?v=1788609000 HTTP/1.1" 200 -
::1 - - [05/Sep/2026 12:18:05] "GET /admin.js?v=1788609000 HTTP/1.1" 200 -
::1 - - [05/Sep/2026 12:18:05] "GET /admin-orders.js?v=1788609000 HTTP/1.1" 200 -
::1 - - [05/Sep/2026 12:18:05] code 404, message File not found
::1 - - [05/Sep/2026 12:18:05] "GET /.well-known/appspecific/com.chrome.devtools.json HTTP/1.1" 404 -
::1 - - [05/Sep/2026 12:18:24] "GET /api.js?v=1788601712 HTTP/1.1" 304 -
::1 - - [05/Sep/2026 12:18:26] "GET /products.js?v=1788602258 HTTP/1.1" 304 -
::1 - - [05/Sep/2026 12:18:26] "GET /scripts.js?v=1788602258 HTTP/1.1" 304 -
::1 - - [05/Sep/2026 12:18:27] "GET /admin-orders.html HTTP/1.1" 304 -
::1 - - [05/Sep/2026 12:18:27] "GET /api.js?v=1788609000 HTTP/1.1" 304 -
::1 - - [05/Sep/2026 12:18:27] "GET /admin-orders.js?v=1788609000 HTTP/1.1" 304 -
::1 - - [05/Sep/2026 12:18:39] code 404, message File not found
::1 - - [05/Sep/2026 12:18:39] "GET /.well-known/appspecific/com.chrome.devtools.json HTTP/1.1" 404 -
::1 - - [05/Sep/2026 12:18:41] "GET /admin-audit-logs.html HTTP/1.1" 200 -
::1 - - [05/Sep/2026 12:18:42] "GET /styles.css HTTP/1.1" 200 -
::1 - - [05/Sep/2026 12:18:42] "GET /security.js?v=1788601712 HTTP/1.1" 200 -
::1 - - [05/Sep/2026 12:18:42] "GET /api.js?v=1788601712 HTTP/1.1" 200 -
::1 - - [05/Sep/2026 12:18:42] "GET /products.js?v=1788601712 HTTP/1.1" 200 -
::1 - - [05/Sep/2026 12:18:42] "GET /cart.js?v=1788601712 HTTP/1.1" 200 -
::1 - - [05/Sep/2026 12:18:42] "GET /auth.js?v=1788601712 HTTP/1.1" 200 -
::1 - - [05/Sep/2026 12:18:42] "GET /scripts.js?v=1788601712 HTTP/1.1" 200 -
::1 - - [05/Sep/2026 12:18:42] "GET /admin.js?v=1788601712 HTTP/1.1" 200 -
::1 - - [05/Sep/2026 12:18:42] code 404, message File not found
::1 - - [05/Sep/2026 12:18:42] "GET /.well-known/appspecific/com.chrome.devtools.json HTTP/1.1" 404 -
::1 - - [05/Sep/2026 12:18:44] "GET /category.html HTTP/1.1" 200 -
::1 - - [05/Sep/2026 12:18:44] "GET /styles.css HTTP/1.1" 200 -
::1 - - [05/Sep/2026 12:18:44] "GET /security.js?v=1788601712 HTTP/1.1" 200 -
::1 - - [05/Sep/2026 12:18:44] "GET /api.js?v=1788601712 HTTP/1.1" 200 -
::1 - - [05/Sep/2026 12:18:44] "GET /products.js?v=1788601712 HTTP/1.1" 200 -
::1 - - [05/Sep/2026 12:18:44] "GET /cart.js?v=1788601712 HTTP/1.1" 200 -
::1 - - [05/Sep/2026 12:18:44] "GET /auth.js?v=1788601712 HTTP/1.1" 200 -
::1 - - [05/Sep/2026 12:18:44] "GET /scripts.js?v=1788601712 HTTP/1.1" 200 -
::1 - - [05/Sep/2026 12:18:44] code 404, message File not found
::1 - - [05/Sep/2026 12:18:44] "GET /.well-known/appspecific/com.chrome.devtools.json HTTP/1.1" 404 -
::1 - - [05/Sep/2026 12:18:44] "GET /images/5d1605b89c3046a093e3453effcf46bc.jpeg HTTP/1.1" 200 -
::1 - - [05/Sep/2026 12:18:45] "GET /images/placeholder.png HTTP/1.1" 200 -
::1 - - [05/Sep/2026 12:18:46] "GET /category.html HTTP/1.1" 200 -
::1 - - [05/Sep/2026 12:18:47] "GET /styles.css HTTP/1.1" 200 -
::1 - - [05/Sep/2026 12:18:47] "GET /security.js?v=1788601712 HTTP/1.1" 200 -
::1 - - [05/Sep/2026 12:18:47] "GET /api.js?v=1788601712 HTTP/1.1" 200 -
::1 - - [05/Sep/2026 12:18:47] "GET /products.js?v=1788601712 HTTP/1.1" 200 -
::1 - - [05/Sep/2026 12:18:47] "GET /cart.js?v=1788601712 HTTP/1.1" 200 -
::1 - - [05/Sep/2026 12:18:47] "GET /auth.js?v=1788601712 HTTP/1.1" 200 -
::1 - - [05/Sep/2026 12:18:47] "GET /scripts.js?v=1788601712 HTTP/1.1" 200 -
::1 - - [05/Sep/2026 12:18:47] code 404, message File not found
::1 - - [05/Sep/2026 12:18:47] "GET /.well-known/appspecific/com.chrome.devtools.json HTTP/1.1" 404 -
::1 - - [05/Sep/2026 12:18:47] "GET /images/5d1605b89c3046a093e3453effcf46bc.jpeg HTTP/1.1" 200 -
::1 - - [05/Sep/2026 12:18:47] "GET /images/placeholder.png HTTP/1.1" 200 -
::1 - - [05/Sep/2026 12:18:48] "GET /category.html?cat=rings HTTP/1.1" 200 -
::1 - - [05/Sep/2026 12:18:48] "GET /styles.css HTTP/1.1" 200 -
::1 - - [05/Sep/2026 12:18:48] "GET /api.js?v=1788601712 HTTP/1.1" 200 -
::1 - - [05/Sep/2026 12:18:48] "GET /security.js?v=1788601712 HTTP/1.1" 200 -
::1 - - [05/Sep/2026 12:18:48] "GET /cart.js?v=1788601712 HTTP/1.1" 200 -
::1 - - [05/Sep/2026 12:18:48] "GET /products.js?v=1788601712 HTTP/1.1" 200 -
::1 - - [05/Sep/2026 12:18:48] "GET /auth.js?v=1788601712 HTTP/1.1" 200 -
::1 - - [05/Sep/2026 12:18:48] "GET /scripts.js?v=1788601712 HTTP/1.1" 200 -
::1 - - [05/Sep/2026 12:18:48] code 404, message File not found
::1 - - [05/Sep/2026 12:18:48] "GET /.well-known/appspecific/com.chrome.devtools.json HTTP/1.1" 404 -
::1 - - [05/Sep/2026 12:18:48] "GET /images/placeholder.png HTTP/1.1" 200 -
::1 - - [05/Sep/2026 12:18:50] "GET /category.html?cat=necklaces HTTP/1.1" 200 -
::1 - - [05/Sep/2026 12:18:50] "GET /styles.css HTTP/1.1" 200 -
::1 - - [05/Sep/2026 12:18:50] "GET /security.js?v=1788601712 HTTP/1.1" 200 -
::1 - - [05/Sep/2026 12:18:50] "GET /api.js?v=1788601712 HTTP/1.1" 200 -
::1 - - [05/Sep/2026 12:18:50] "GET /cart.js?v=1788601712 HTTP/1.1" 200 -
::1 - - [05/Sep/2026 12:18:50] "GET /products.js?v=1788601712 HTTP/1.1" 200 -
::1 - - [05/Sep/2026 12:18:50] "GET /auth.js?v=1788601712 HTTP/1.1" 200 -
::1 - - [05/Sep/2026 12:18:50] "GET /scripts.js?v=1788601712 HTTP/1.1" 200 -
::1 - - [05/Sep/2026 12:18:50] code 404, message File not found
::1 - - [05/Sep/2026 12:18:50] "GET /.well-known/appspecific/com.chrome.devtools.json HTTP/1.1" 404 -
::1 - - [05/Sep/2026 12:18:50] "GET /images/placeholder.png HTTP/1.1" 200 -
::1 - - [05/Sep/2026 12:18:51] "GET /category.html?cat=bracelets HTTP/1.1" 200 -
::1 - - [05/Sep/2026 12:18:51] "GET /styles.css HTTP/1.1" 200 -
::1 - - [05/Sep/2026 12:18:51] "GET /security.js?v=1788601712 HTTP/1.1" 200 -
::1 - - [05/Sep/2026 12:18:51] code 404, message File not found
::1 - - [05/Sep/2026 12:18:51] "GET /.well-known/appspecific/com.chrome.devtools.json HTTP/1.1" 404 -
::1 - - [05/Sep/2026 12:18:51] "GET /api.js?v=1788601712 HTTP/1.1" 200 -
::1 - - [05/Sep/2026 12:18:51] "GET /products.js?v=1788601712 HTTP/1.1" 200 -
::1 - - [05/Sep/2026 12:18:51] "GET /cart.js?v=1788601712 HTTP/1.1" 200 -
::1 - - [05/Sep/2026 12:18:51] "GET /auth.js?v=1788601712 HTTP/1.1" 200 -
::1 - - [05/Sep/2026 12:18:51] "GET /scripts.js?v=1788601712 HTTP/1.1" 200 -
::1 - - [05/Sep/2026 12:18:52] "GET /images/placeholder.png HTTP/1.1" 200 -
::1 - - [05/Sep/2026 12:18:52] "GET /category.html?cat=earrings HTTP/1.1" 200 -
::1 - - [05/Sep/2026 12:18:52] "GET /styles.css HTTP/1.1" 200 -
::1 - - [05/Sep/2026 12:18:52] code 404, message File not found
::1 - - [05/Sep/2026 12:18:52] "GET /products.js?v=1788601712 HTTP/1.1" 200 -
::1 - - [05/Sep/2026 12:18:52] "GET /api.js?v=1788601712 HTTP/1.1" 200 -
::1 - - [05/Sep/2026 12:18:52] "GET /.well-known/appspecific/com.chrome.devtools.json HTTP/1.1" 404 -
::1 - - [05/Sep/2026 12:18:52] "GET /cart.js?v=1788601712 HTTP/1.1" 200 -
::1 - - [05/Sep/2026 12:18:52] "GET /security.js?v=1788601712 HTTP/1.1" 200 -
::1 - - [05/Sep/2026 12:18:52] "GET /auth.js?v=1788601712 HTTP/1.1" 200 -
::1 - - [05/Sep/2026 12:18:52] "GET /scripts.js?v=1788601712 HTTP/1.1" 200 -
::1 - - [05/Sep/2026 12:18:53] "GET /images/placeholder.png HTTP/1.1" 200 -
::1 - - [05/Sep/2026 12:18:54] "GET /cart.html HTTP/1.1" 200 -
::1 - - [05/Sep/2026 12:18:54] "GET /styles.css HTTP/1.1" 200 -
::1 - - [05/Sep/2026 12:18:54] "GET /api.js HTTP/1.1" 200 -
::1 - - [05/Sep/2026 12:18:54] "GET /security.js HTTP/1.1" 200 -
::1 - - [05/Sep/2026 12:18:54] "GET /products.js HTTP/1.1" 200 -
::1 - - [05/Sep/2026 12:18:54] "GET /cart.js HTTP/1.1" 200 -
::1 - - [05/Sep/2026 12:18:54] "GET /auth.js HTTP/1.1" 200 -
::1 - - [05/Sep/2026 12:18:54] code 404, message File not found
::1 - - [05/Sep/2026 12:18:54] "GET /scripts.js HTTP/1.1" 200 -
::1 - - [05/Sep/2026 12:18:54] "GET /.well-known/appspecific/com.chrome.devtools.json HTTP/1.1" 404 -
::1 - - [05/Sep/2026 12:18:54] code 404, message File not found
::1 - - [05/Sep/2026 12:18:54] "GET /images/sets-10.jpg HTTP/1.1" 404 -
::1 - - [05/Sep/2026 12:18:54] "GET /images/placeholder.png HTTP/1.1" 200 -
::1 - - [05/Sep/2026 12:18:58] "GET /account.html HTTP/1.1" 200 -
::1 - - [05/Sep/2026 12:18:58] "GET /styles.css HTTP/1.1" 200 -
::1 - - [05/Sep/2026 12:18:58] "GET /security.js?v=1788601712 HTTP/1.1" 200 -
::1 - - [05/Sep/2026 12:18:58] "GET /api.js?v=1788601712 HTTP/1.1" 200 -
::1 - - [05/Sep/2026 12:18:58] "GET /auth.js?v=1788601712 HTTP/1.1" 200 -
::1 - - [05/Sep/2026 12:18:58] "GET /cart.js?v=1788601712 HTTP/1.1" 200 -
::1 - - [05/Sep/2026 12:18:58] "GET /scripts.js?v=1788601712 HTTP/1.1" 200 -
::1 - - [05/Sep/2026 12:18:58] code 404, message File not found
::1 - - [05/Sep/2026 12:18:58] "GET /.well-known/appspecific/com.chrome.devtools.json HTTP/1.1" 404 -
::1 - - [05/Sep/2026 12:19:07] "GET /login.html HTTP/1.1" 200 -
::1 - - [05/Sep/2026 12:19:07] "GET /index.html HTTP/1.1" 200 -
::1 - - [05/Sep/2026 12:19:07] "GET /styles.css HTTP/1.1" 200 -
::1 - - [05/Sep/2026 12:19:07] "GET /security.js?v=1788601712 HTTP/1.1" 200 -
::1 - - [05/Sep/2026 12:19:07] "GET /api.js?v=1788601712 HTTP/1.1" 200 -
::1 - - [05/Sep/2026 12:19:07] "GET /products.js?v=1788601712 HTTP/1.1" 200 -
::1 - - [05/Sep/2026 12:19:07] "GET /cart.js?v=1788601712 HTTP/1.1" 200 -
::1 - - [05/Sep/2026 12:19:07] "GET /auth.js?v=1788601712 HTTP/1.1" 200 -
::1 - - [05/Sep/2026 12:19:07] "GET /scripts.js?v=1788601712 HTTP/1.1" 200 -
::1 - - [05/Sep/2026 12:19:07] code 404, message File not found
::1 - - [05/Sep/2026 12:19:07] "GET /.well-known/appspecific/com.chrome.devtools.json HTTP/1.1" 404 -
::1 - - [05/Sep/2026 12:19:07] "GET /manifest.json HTTP/1.1" 200 -
::1 - - [05/Sep/2026 12:19:08] "GET /images/placeholder.png HTTP/1.1" 200 -
::1 - - [05/Sep/2026 12:19:08] "GET /favicon.ico HTTP/1.1" 200 -
::1 - - [05/Sep/2026 12:19:10] "GET /account.html HTTP/1.1" 200 -
::1 - - [05/Sep/2026 12:19:10] code 404, message File not found
::1 - - [05/Sep/2026 12:19:10] "GET /.well-known/appspecific/com.chrome.devtools.json HTTP/1.1" 404 -
::1 - - [05/Sep/2026 12:19:10] "GET /security.js?v=1788601712 HTTP/1.1" 200 -
::1 - - [05/Sep/2026 12:19:10] "GET /styles.css HTTP/1.1" 200 -
::1 - - [05/Sep/2026 12:19:10] "GET /api.js?v=1788601712 HTTP/1.1" 200 -
::1 - - [05/Sep/2026 12:19:10] "GET /auth.js?v=1788601712 HTTP/1.1" 200 -
::1 - - [05/Sep/2026 12:19:10] "GET /cart.js?v=1788601712 HTTP/1.1" 200 -
::1 - - [05/Sep/2026 12:19:10] "GET /scripts.js?v=1788601712 HTTP/1.1" 200 -
::1 - - [05/Sep/2026 12:19:10] "GET /login.html HTTP/1.1" 200 -
::1 - - [05/Sep/2026 12:19:10] "GET /styles.css HTTP/1.1" 200 -
::1 - - [05/Sep/2026 12:19:10] "GET /security.js?v=1788601712 HTTP/1.1" 200 -
::1 - - [05/Sep/2026 12:19:10] "GET /api.js?v=1788601712 HTTP/1.1" 200 -
::1 - - [05/Sep/2026 12:19:10] "GET /auth.js?v=1788601712 HTTP/1.1" 200 -
::1 - - [05/Sep/2026 12:19:10] "GET /cart.js?v=1788601712 HTTP/1.1" 200 -
::1 - - [05/Sep/2026 12:19:10] "GET /scripts.js?v=1788601712 HTTP/1.1" 200 -
::1 - - [05/Sep/2026 12:19:10] "GET /auth-forms.js?v=1788601712 HTTP/1.1" 200 -
::1 - - [05/Sep/2026 12:19:10] code 404, message File not found
::1 - - [05/Sep/2026 12:19:10] "GET /.well-known/appspecific/com.chrome.devtools.json HTTP/1.1" 404 -
::1 - - [05/Sep/2026 12:19:15] "GET /category.html HTTP/1.1" 200 -
::1 - - [05/Sep/2026 12:19:15] "GET /styles.css HTTP/1.1" 200 -
::1 - - [05/Sep/2026 12:19:15] "GET /products.js?v=1788601712 HTTP/1.1" 200 -
::1 - - [05/Sep/2026 12:19:15] "GET /api.js?v=1788601712 HTTP/1.1" 200 -
::1 - - [05/Sep/2026 12:19:15] "GET /security.js?v=1788601712 HTTP/1.1" 200 -
::1 - - [05/Sep/2026 12:19:15] "GET /cart.js?v=1788601712 HTTP/1.1" 200 -
::1 - - [05/Sep/2026 12:19:15] "GET /auth.js?v=1788601712 HTTP/1.1" 200 -
::1 - - [05/Sep/2026 12:19:15] "GET /scripts.js?v=1788601712 HTTP/1.1" 200 -
::1 - - [05/Sep/2026 12:19:15] code 404, message File not found
::1 - - [05/Sep/2026 12:19:15] "GET /.well-known/appspecific/com.chrome.devtools.json HTTP/1.1" 404 -
::1 - - [05/Sep/2026 12:19:15] "GET /images/5d1605b89c3046a093e3453effcf46bc.jpeg HTTP/1.1" 200 -
::1 - - [05/Sep/2026 12:19:15] "GET /images/placeholder.png HTTP/1.1" 200 -
::1 - - [05/Sep/2026 12:19:19] "GET /category.html HTTP/1.1" 200 -
::1 - - [05/Sep/2026 12:19:19] "GET /styles.css HTTP/1.1" 200 -
::1 - - [05/Sep/2026 12:19:19] "GET /security.js?v=1788601712 HTTP/1.1" 200 -
::1 - - [05/Sep/2026 12:19:19] "GET /products.js?v=1788601712 HTTP/1.1" 200 -
::1 - - [05/Sep/2026 12:19:19] "GET /api.js?v=1788601712 HTTP/1.1" 200 -
::1 - - [05/Sep/2026 12:19:19] "GET /cart.js?v=1788601712 HTTP/1.1" 200 -
::1 - - [05/Sep/2026 12:19:19] "GET /auth.js?v=1788601712 HTTP/1.1" 200 -
::1 - - [05/Sep/2026 12:19:19] "GET /scripts.js?v=1788601712 HTTP/1.1" 200 -
::1 - - [05/Sep/2026 12:19:20] "GET /images/5d1605b89c3046a093e3453effcf46bc.jpeg HTTP/1.1" 200 -
::1 - - [05/Sep/2026 12:19:20] "GET /images/placeholder.png HTTP/1.1" 200 -
::1 - - [05/Sep/2026 12:19:20] "GET /favicon.ico HTTP/1.1" 200 -
::1 - - [05/Sep/2026 12:19:20] "GET /category.html HTTP/1.1" 200 -
::1 - - [05/Sep/2026 12:19:20] "GET /styles.css HTTP/1.1" 200 -
::1 - - [05/Sep/2026 12:19:20] "GET /security.js?v=1788601712 HTTP/1.1" 200 -
::1 - - [05/Sep/2026 12:19:20] "GET /api.js?v=1788601712 HTTP/1.1" 200 -
::1 - - [05/Sep/2026 12:19:20] "GET /products.js?v=1788601712 HTTP/1.1" 200 -
::1 - - [05/Sep/2026 12:19:20] "GET /cart.js?v=1788601712 HTTP/1.1" 200 -
::1 - - [05/Sep/2026 12:19:20] "GET /auth.js?v=1788601712 HTTP/1.1" 200 -
::1 - - [05/Sep/2026 12:19:20] "GET /scripts.js?v=1788601712 HTTP/1.1" 200 -
::1 - - [05/Sep/2026 12:19:21] "GET /images/5d1605b89c3046a093e3453effcf46bc.jpeg HTTP/1.1" 200 -
::1 - - [05/Sep/2026 12:19:21] "GET /images/placeholder.png HTTP/1.1" 200 -
::1 - - [05/Sep/2026 12:19:21] "GET /favicon.ico HTTP/1.1" 200 -
::1 - - [05/Sep/2026 12:19:34] "GET /index.html HTTP/1.1" 200 -
::1 - - [05/Sep/2026 12:19:34] "GET /styles.css HTTP/1.1" 200 -
::1 - - [05/Sep/2026 12:19:34] "GET /security.js?v=1788601712 HTTP/1.1" 200 -
::1 - - [05/Sep/2026 12:19:34] "GET /api.js?v=1788601712 HTTP/1.1" 200 -
::1 - - [05/Sep/2026 12:19:34] "GET /cart.js?v=1788601712 HTTP/1.1" 200 -
::1 - - [05/Sep/2026 12:19:34] "GET /products.js?v=1788601712 HTTP/1.1" 200 -
::1 - - [05/Sep/2026 12:19:34] "GET /auth.js?v=1788601712 HTTP/1.1" 200 -
::1 - - [05/Sep/2026 12:19:34] "GET /scripts.js?v=1788601712 HTTP/1.1" 200 -
::1 - - [05/Sep/2026 12:19:34] "GET /manifest.json HTTP/1.1" 200 -
::1 - - [05/Sep/2026 12:19:34] "GET /images/placeholder.png HTTP/1.1" 200 -
::1 - - [05/Sep/2026 12:19:34] "GET /favicon.ico HTTP/1.1" 200 -
::1 - - [05/Sep/2026 12:32:03] "GET /api.js?v=1788601712 HTTP/1.1" 304 -
::1 - - [05/Sep/2026 12:32:03] "GET /products.js?v=1788601712 HTTP/1.1" 304 -
::1 - - [05/Sep/2026 12:32:03] "GET /scripts.js?v=1788601712 HTTP/1.1" 304 -
::1 - - [05/Sep/2026 12:32:22] code 404, message File not found
::1 - - [05/Sep/2026 12:32:22] "GET /.well-known/appspecific/com.chrome.devtools.json HTTP/1.1" 404 -
::1 - - [05/Sep/2026 12:32:25] "GET /index.html HTTP/1.1" 200 -
::1 - - [05/Sep/2026 12:32:25] "GET /styles.css HTTP/1.1" 200 -
::1 - - [05/Sep/2026 12:32:25] "GET /security.js?v=1788601712 HTTP/1.1" 200 -
::1 - - [05/Sep/2026 12:32:25] "GET /api.js?v=1788601712 HTTP/1.1" 200 -
::1 - - [05/Sep/2026 12:32:25] "GET /products.js?v=1788601712 HTTP/1.1" 200 -
::1 - - [05/Sep/2026 12:32:25] "GET /cart.js?v=1788601712 HTTP/1.1" 200 -
::1 - - [05/Sep/2026 12:32:25] "GET /auth.js?v=1788601712 HTTP/1.1" 200 -
::1 - - [05/Sep/2026 12:32:25] "GET /scripts.js?v=1788601712 HTTP/1.1" 200 -
::1 - - [05/Sep/2026 12:32:25] "GET /manifest.json HTTP/1.1" 200 -
::1 - - [05/Sep/2026 12:32:25] code 404, message File not found
::1 - - [05/Sep/2026 12:32:25] "GET /.well-known/appspecific/com.chrome.devtools.json HTTP/1.1" 404 -
::1 - - [05/Sep/2026 12:32:29] "GET /images/placeholder.png HTTP/1.1" 200 -
::1 - - [05/Sep/2026 12:32:30] "GET /favicon.ico HTTP/1.1" 200 -
::1 - - [05/Sep/2026 12:32:30] "GET /favicon.ico HTTP/1.1" 200 -
::1 - - [05/Sep/2026 12:33:07] "GET /index.html HTTP/1.1" 200 -
::1 - - [05/Sep/2026 12:33:07] "GET /styles.css HTTP/1.1" 200 -
::1 - - [05/Sep/2026 12:33:07] "GET /api.js?v=1788601712 HTTP/1.1" 200 -
::1 - - [05/Sep/2026 12:33:07] "GET /security.js?v=1788601712 HTTP/1.1" 200 -
::1 - - [05/Sep/2026 12:33:08] "GET /products.js?v=1788601712 HTTP/1.1" 200 -
::1 - - [05/Sep/2026 12:33:08] "GET /cart.js?v=1788601712 HTTP/1.1" 200 -
::1 - - [05/Sep/2026 12:33:08] "GET /auth.js?v=1788601712 HTTP/1.1" 200 -
::1 - - [05/Sep/2026 12:33:08] "GET /scripts.js?v=1788601712 HTTP/1.1" 200 -
::1 - - [05/Sep/2026 12:33:08] code 404, message File not found
::1 - - [05/Sep/2026 12:33:08] "GET /.well-known/appspecific/com.chrome.devtools.json HTTP/1.1" 404 -
::1 - - [05/Sep/2026 12:33:08] "GET /manifest.json HTTP/1.1" 200 -
::1 - - [05/Sep/2026 12:33:22] "GET /images/placeholder.png HTTP/1.1" 200 -
::1 - - [05/Sep/2026 12:33:22] "GET /favicon.ico HTTP/1.1" 200 -
::1 - - [05/Sep/2026 12:33:22] "GET /favicon.ico HTTP/1.1" 200 -
::1 - - [05/Sep/2026 12:33:49] "GET /account.html HTTP/1.1" 200 -
::1 - - [05/Sep/2026 12:33:49] "GET /styles.css HTTP/1.1" 200 -
::1 - - [05/Sep/2026 12:33:49] "GET /security.js?v=1788601712 HTTP/1.1" 200 -
::1 - - [05/Sep/2026 12:33:49] "GET /api.js?v=1788601712 HTTP/1.1" 200 -
::1 - - [05/Sep/2026 12:33:49] "GET /auth.js?v=1788601712 HTTP/1.1" 200 -
::1 - - [05/Sep/2026 12:33:49] "GET /cart.js?v=1788601712 HTTP/1.1" 200 -
::1 - - [05/Sep/2026 12:33:49] "GET /scripts.js?v=1788601712 HTTP/1.1" 200 -
::1 - - [05/Sep/2026 12:33:49] code 404, message File not found
::1 - - [05/Sep/2026 12:33:49] "GET /.well-known/appspecific/com.chrome.devtools.json HTTP/1.1" 404 -
::1 - - [05/Sep/2026 12:33:49] "GET /login.html HTTP/1.1" 200 -
::1 - - [05/Sep/2026 12:33:49] "GET /styles.css HTTP/1.1" 200 -
::1 - - [05/Sep/2026 12:33:49] "GET /security.js?v=1788601712 HTTP/1.1" 200 -
::1 - - [05/Sep/2026 12:33:49] "GET /api.js?v=1788601712 HTTP/1.1" 200 -
::1 - - [05/Sep/2026 12:33:49] "GET /auth.js?v=1788601712 HTTP/1.1" 200 -
::1 - - [05/Sep/2026 12:33:49] "GET /cart.js?v=1788601712 HTTP/1.1" 200 -
::1 - - [05/Sep/2026 12:33:49] "GET /scripts.js?v=1788601712 HTTP/1.1" 200 -
::1 - - [05/Sep/2026 12:33:49] "GET /auth-forms.js?v=1788601712 HTTP/1.1" 200 -
::1 - - [05/Sep/2026 12:33:49] code 404, message File not found
::1 - - [05/Sep/2026 12:33:49] "GET /.well-known/appspecific/com.chrome.devtools.json HTTP/1.1" 404 -
::1 - - [05/Sep/2026 12:34:10] "GET /account.html HTTP/1.1" 200 -
::1 - - [05/Sep/2026 12:34:10] code 404, message File not found
::1 - - [05/Sep/2026 12:34:10] "GET /.well-known/appspecific/com.chrome.devtools.json HTTP/1.1" 404 -
::1 - - [05/Sep/2026 12:34:10] "GET /styles.css HTTP/1.1" 200 -
::1 - - [05/Sep/2026 12:34:10] "GET /security.js?v=1788601712 HTTP/1.1" 200 -
::1 - - [05/Sep/2026 12:34:10] "GET /api.js?v=1788601712 HTTP/1.1" 200 -
::1 - - [05/Sep/2026 12:34:10] "GET /auth.js?v=1788601712 HTTP/1.1" 200 -
::1 - - [05/Sep/2026 12:34:10] "GET /cart.js?v=1788601712 HTTP/1.1" 200 -
::1 - - [05/Sep/2026 12:34:10] "GET /scripts.js?v=1788601712 HTTP/1.1" 200 -
::1 - - [05/Sep/2026 12:34:31] "GET /account.html HTTP/1.1" 200 -
::1 - - [05/Sep/2026 12:34:31] "GET /styles.css HTTP/1.1" 200 -
::1 - - [05/Sep/2026 12:34:31] "GET /api.js?v=1788601712 HTTP/1.1" 200 -
::1 - - [05/Sep/2026 12:34:31] "GET /security.js?v=1788601712 HTTP/1.1" 200 -
::1 - - [05/Sep/2026 12:34:31] "GET /auth.js?v=1788601712 HTTP/1.1" 200 -
::1 - - [05/Sep/2026 12:34:31] "GET /cart.js?v=1788601712 HTTP/1.1" 200 -
::1 - - [05/Sep/2026 12:34:31] "GET /scripts.js?v=1788601712 HTTP/1.1" 200 -
::1 - - [05/Sep/2026 12:34:31] code 404, message File not found
::1 - - [05/Sep/2026 12:34:31] "GET /.well-known/appspecific/com.chrome.devtools.json HTTP/1.1" 404 -
::1 - - [05/Sep/2026 12:34:32] "GET /account.html HTTP/1.1" 200 -
::1 - - [05/Sep/2026 12:34:32] "GET /styles.css HTTP/1.1" 200 -
::1 - - [05/Sep/2026 12:34:32] "GET /security.js?v=1788601712 HTTP/1.1" 200 -
::1 - - [05/Sep/2026 12:34:32] "GET /api.js?v=1788601712 HTTP/1.1" 200 -
::1 - - [05/Sep/2026 12:34:32] "GET /auth.js?v=1788601712 HTTP/1.1" 200 -
::1 - - [05/Sep/2026 12:34:32] "GET /scripts.js?v=1788601712 HTTP/1.1" 200 -
::1 - - [05/Sep/2026 12:34:32] "GET /cart.js?v=1788601712 HTTP/1.1" 200 -
::1 - - [05/Sep/2026 12:34:32] code 404, message File not found
::1 - - [05/Sep/2026 12:34:32] "GET /.well-known/appspecific/com.chrome.devtools.json HTTP/1.1" 404 -
::1 - - [05/Sep/2026 12:34:32] "GET /favicon.ico HTTP/1.1" 200 -
::1 - - [05/Sep/2026 12:34:36] "GET /index.html HTTP/1.1" 200 -
::1 - - [05/Sep/2026 12:34:36] "GET /styles.css HTTP/1.1" 200 -
::1 - - [05/Sep/2026 12:34:36] "GET /security.js?v=1788601712 HTTP/1.1" 200 -
::1 - - [05/Sep/2026 12:34:36] "GET /api.js?v=1788601712 HTTP/1.1" 200 -
::1 - - [05/Sep/2026 12:34:36] "GET /products.js?v=1788601712 HTTP/1.1" 200 -
::1 - - [05/Sep/2026 12:34:36] "GET /cart.js?v=1788601712 HTTP/1.1" 200 -
::1 - - [05/Sep/2026 12:34:36] "GET /auth.js?v=1788601712 HTTP/1.1" 200 -
::1 - - [05/Sep/2026 12:34:36] "GET /scripts.js?v=1788601712 HTTP/1.1" 200 -
::1 - - [05/Sep/2026 12:34:36] code 404, message File not found
::1 - - [05/Sep/2026 12:34:36] "GET /.well-known/appspecific/com.chrome.devtools.json HTTP/1.1" 404 -
::1 - - [05/Sep/2026 12:34:36] "GET /manifest.json HTTP/1.1" 200 -
::1 - - [05/Sep/2026 12:34:37] "GET /images/placeholder.png HTTP/1.1" 200 -
::1 - - [05/Sep/2026 12:34:37] "GET /favicon.ico HTTP/1.1" 200 -
::1 - - [05/Sep/2026 12:34:40] "GET /account.html HTTP/1.1" 200 -
::1 - - [05/Sep/2026 12:34:40] "GET /styles.css HTTP/1.1" 200 -
::1 - - [05/Sep/2026 12:34:40] "GET /cart.js?v=1788601712 HTTP/1.1" 200 -
::1 - - [05/Sep/2026 12:34:40] "GET /security.js?v=1788601712 HTTP/1.1" 200 -
::1 - - [05/Sep/2026 12:34:40] "GET /api.js?v=1788601712 HTTP/1.1" 200 -
::1 - - [05/Sep/2026 12:34:40] "GET /auth.js?v=1788601712 HTTP/1.1" 200 -
::1 - - [05/Sep/2026 12:34:40] "GET /scripts.js?v=1788601712 HTTP/1.1" 200 -
::1 - - [05/Sep/2026 12:34:40] code 404, message File not found
::1 - - [05/Sep/2026 12:34:40] "GET /.well-known/appspecific/com.chrome.devtools.json HTTP/1.1" 404 -
::1 - - [05/Sep/2026 12:34:41] "GET /login.html HTTP/1.1" 200 -
::1 - - [05/Sep/2026 12:34:41] "GET /styles.css HTTP/1.1" 200 -
::1 - - [05/Sep/2026 12:34:41] "GET /security.js?v=1788601712 HTTP/1.1" 200 -
::1 - - [05/Sep/2026 12:34:41] "GET /api.js?v=1788601712 HTTP/1.1" 200 -
::1 - - [05/Sep/2026 12:34:41] "GET /auth.js?v=1788601712 HTTP/1.1" 200 -
::1 - - [05/Sep/2026 12:34:41] "GET /cart.js?v=1788601712 HTTP/1.1" 200 -
::1 - - [05/Sep/2026 12:34:41] "GET /scripts.js?v=1788601712 HTTP/1.1" 200 -
::1 - - [05/Sep/2026 12:34:41] "GET /auth-forms.js?v=1788601712 HTTP/1.1" 200 -
::1 - - [05/Sep/2026 12:34:41] code 404, message File not found
::1 - - [05/Sep/2026 12:34:41] "GET /.well-known/appspecific/com.chrome.devtools.json HTTP/1.1" 404 -
::1 - - [05/Sep/2026 12:34:59] "GET /account.html HTTP/1.1" 200 -
::1 - - [05/Sep/2026 12:34:59] "GET /styles.css HTTP/1.1" 200 -
::1 - - [05/Sep/2026 12:34:59] "GET /api.js?v=1788601712 HTTP/1.1" 200 -
::1 - - [05/Sep/2026 12:34:59] "GET /security.js?v=1788601712 HTTP/1.1" 200 -
::1 - - [05/Sep/2026 12:34:59] "GET /auth.js?v=1788601712 HTTP/1.1" 200 -
::1 - - [05/Sep/2026 12:34:59] "GET /scripts.js?v=1788601712 HTTP/1.1" 200 -
::1 - - [05/Sep/2026 12:34:59] "GET /cart.js?v=1788601712 HTTP/1.1" 200 -
::1 - - [05/Sep/2026 12:34:59] code 404, message File not found
::1 - - [05/Sep/2026 12:34:59] "GET /.well-known/appspecific/com.chrome.devtools.json HTTP/1.1" 404 -
::1 - - [05/Sep/2026 12:41:51] "GET /account.html HTTP/1.1" 200 -
::1 - - [05/Sep/2026 12:41:51] "GET /styles.css HTTP/1.1" 200 -
::1 - - [05/Sep/2026 12:41:51] "GET /security.js?v=1788601712 HTTP/1.1" 200 -
::1 - - [05/Sep/2026 12:41:51] "GET /api.js?v=1788601712 HTTP/1.1" 200 -
::1 - - [05/Sep/2026 12:41:51] "GET /auth.js?v=1788601712 HTTP/1.1" 200 -
::1 - - [05/Sep/2026 12:41:51] "GET /cart.js?v=1788601712 HTTP/1.1" 200 -
::1 - - [05/Sep/2026 12:41:51] "GET /scripts.js?v=1788601712 HTTP/1.1" 200 -
::1 - - [05/Sep/2026 12:41:51] code 404, message File not found
::1 - - [05/Sep/2026 12:41:51] "GET /.well-known/appspecific/com.chrome.devtools.json HTTP/1.1" 404 -
::1 - - [05/Sep/2026 12:41:53] "GET /favicon.ico HTTP/1.1" 200 -
::1 - - [05/Sep/2026 12:41:57] "GET /index.html HTTP/1.1" 200 -
::1 - - [05/Sep/2026 12:41:57] code 404, message File not found
::1 - - [05/Sep/2026 12:41:57] "GET /.well-known/appspecific/com.chrome.devtools.json HTTP/1.1" 404 -
::1 - - [05/Sep/2026 12:41:57] "GET /security.js?v=1788601712 HTTP/1.1" 200 -
::1 - - [05/Sep/2026 12:41:57] "GET /styles.css HTTP/1.1" 200 -
::1 - - [05/Sep/2026 12:41:57] "GET /api.js?v=1788601712 HTTP/1.1" 200 -
::1 - - [05/Sep/2026 12:41:57] "GET /products.js?v=1788601712 HTTP/1.1" 200 -
::1 - - [05/Sep/2026 12:41:57] "GET /cart.js?v=1788601712 HTTP/1.1" 200 -
::1 - - [05/Sep/2026 12:41:57] "GET /auth.js?v=1788601712 HTTP/1.1" 200 -
::1 - - [05/Sep/2026 12:41:57] "GET /scripts.js?v=1788601712 HTTP/1.1" 200 -
::1 - - [05/Sep/2026 12:41:57] "GET /manifest.json HTTP/1.1" 200 -
::1 - - [05/Sep/2026 12:41:57] "GET /images/placeholder.png HTTP/1.1" 200 -
::1 - - [05/Sep/2026 12:41:58] "GET /favicon.ico HTTP/1.1" 200 -
::1 - - [05/Sep/2026 12:42:00] "GET /account.html HTTP/1.1" 200 -
::1 - - [05/Sep/2026 12:42:00] "GET /styles.css HTTP/1.1" 200 -
::1 - - [05/Sep/2026 12:42:00] "GET /security.js?v=1788601712 HTTP/1.1" 200 -
::1 - - [05/Sep/2026 12:42:00] "GET /api.js?v=1788601712 HTTP/1.1" 200 -
::1 - - [05/Sep/2026 12:42:00] "GET /auth.js?v=1788601712 HTTP/1.1" 200 -
::1 - - [05/Sep/2026 12:42:00] "GET /scripts.js?v=1788601712 HTTP/1.1" 200 -
::1 - - [05/Sep/2026 12:42:00] "GET /cart.js?v=1788601712 HTTP/1.1" 200 -
::1 - - [05/Sep/2026 12:42:00] code 404, message File not found
::1 - - [05/Sep/2026 12:42:00] "GET /.well-known/appspecific/com.chrome.devtools.json HTTP/1.1" 404 -
::1 - - [05/Sep/2026 12:42:00] "GET /login.html HTTP/1.1" 200 -
::1 - - [05/Sep/2026 12:42:00] code 404, message File not found
::1 - - [05/Sep/2026 12:42:00] "GET /.well-known/appspecific/com.chrome.devtools.json HTTP/1.1" 404 -
::1 - - [05/Sep/2026 12:42:00] "GET /styles.css HTTP/1.1" 200 -
::1 - - [05/Sep/2026 12:42:00] "GET /security.js?v=1788601712 HTTP/1.1" 200 -
::1 - - [05/Sep/2026 12:42:00] "GET /api.js?v=1788601712 HTTP/1.1" 200 -
::1 - - [05/Sep/2026 12:42:00] "GET /auth.js?v=1788601712 HTTP/1.1" 200 -
::1 - - [05/Sep/2026 12:42:00] "GET /cart.js?v=1788601712 HTTP/1.1" 200 -
::1 - - [05/Sep/2026 12:42:00] "GET /scripts.js?v=1788601712 HTTP/1.1" 200 -
::1 - - [05/Sep/2026 12:42:00] "GET /auth-forms.js?v=1788601712 HTTP/1.1" 200 -
::1 - - [05/Sep/2026 12:42:20] "GET /account.html HTTP/1.1" 200 -
::1 - - [05/Sep/2026 12:42:20] "GET /styles.css HTTP/1.1" 200 -
::1 - - [05/Sep/2026 12:42:20] "GET /security.js?v=1788601712 HTTP/1.1" 200 -
::1 - - [05/Sep/2026 12:42:20] "GET /api.js?v=1788601712 HTTP/1.1" 200 -
::1 - - [05/Sep/2026 12:42:20] "GET /auth.js?v=1788601712 HTTP/1.1" 200 -
::1 - - [05/Sep/2026 12:42:20] "GET /cart.js?v=1788601712 HTTP/1.1" 200 -
::1 - - [05/Sep/2026 12:42:20] "GET /scripts.js?v=1788601712 HTTP/1.1" 200 -
::1 - - [05/Sep/2026 12:42:20] code 404, message File not found
::1 - - [05/Sep/2026 12:42:20] "GET /.well-known/appspecific/com.chrome.devtools.json HTTP/1.1" 404 -
::1 - - [05/Sep/2026 12:42:26] "GET /category.html HTTP/1.1" 200 -
::1 - - [05/Sep/2026 12:42:26] "GET /styles.css HTTP/1.1" 200 -
::1 - - [05/Sep/2026 12:42:26] "GET /security.js?v=1788601712 HTTP/1.1" 200 -
::1 - - [05/Sep/2026 12:42:26] "GET /api.js?v=1788601712 HTTP/1.1" 200 -
::1 - - [05/Sep/2026 12:42:26] "GET /products.js?v=1788601712 HTTP/1.1" 200 -
::1 - - [05/Sep/2026 12:42:26] "GET /cart.js?v=1788601712 HTTP/1.1" 200 -
::1 - - [05/Sep/2026 12:42:26] "GET /auth.js?v=1788601712 HTTP/1.1" 200 -
::1 - - [05/Sep/2026 12:42:26] "GET /scripts.js?v=1788601712 HTTP/1.1" 200 -
::1 - - [05/Sep/2026 12:42:26] code 404, message File not found
::1 - - [05/Sep/2026 12:42:26] "GET /.well-known/appspecific/com.chrome.devtools.json HTTP/1.1" 404 -
::1 - - [05/Sep/2026 12:42:26] "GET /images/5d1605b89c3046a093e3453effcf46bc.jpeg HTTP/1.1" 200 -
::1 - - [05/Sep/2026 12:42:26] "GET /images/placeholder.png HTTP/1.1" 200 -
::1 - - [05/Sep/2026 12:50:59] "GET /category.html?filter=new HTTP/1.1" 200 -
::1 - - [05/Sep/2026 12:50:59] "GET /api.js?v=1788601712 HTTP/1.1" 304 -
::1 - - [05/Sep/2026 12:50:59] "GET /scripts.js?v=1788601712 HTTP/1.1" 304 -
::1 - - [05/Sep/2026 12:51:05] "GET /api.js HTTP/1.1" 304 -
::1 - - [05/Sep/2026 12:51:05] "GET /products.js HTTP/1.1" 304 -
::1 - - [05/Sep/2026 12:51:05] "GET /scripts.js HTTP/1.1" 304 -
::1 - - [05/Sep/2026 12:51:13] "GET /auth-forms.js?v=1788601712 HTTP/1.1" 304 -
::1 - - [05/Sep/2026 12:51:23] "GET /admin-products.html HTTP/1.1" 304 -
::1 - - [05/Sep/2026 12:51:23] "GET /api.js?v=1788602258 HTTP/1.1" 200 -
::1 - - [05/Sep/2026 12:51:23] "GET /products.js?v=1788602258 HTTP/1.1" 304 -
::1 - - [05/Sep/2026 12:51:23] "GET /admin-products.js?v=1788602258 HTTP/1.1" 304 -
::1 - - [05/Sep/2026 12:51:23] "GET /admin.js?v=1788602258 HTTP/1.1" 304 -
::1 - - [05/Sep/2026 12:51:23] "GET /scripts.js?v=1788602258 HTTP/1.1" 304 -
::1 - - [05/Sep/2026 12:57:53] "GET /api.js HTTP/1.1" 304 -
::1 - - [05/Sep/2026 12:57:55] "GET /api.js?v=1788601712 HTTP/1.1" 304 -
::1 - - [05/Sep/2026 12:57:55] "GET /scripts.js?v=1788601712 HTTP/1.1" 304 -
::1 - - [05/Sep/2026 12:57:57] "GET /products.js?v=1788601712 HTTP/1.1" 304 -
::1 - - [05/Sep/2026 12:57:57] "GET /images/placeholder.png HTTP/1.1" 304 -
::1 - - [05/Sep/2026 12:58:08] "GET /api.js?v=1788602258 HTTP/1.1" 304 -
::1 - - [05/Sep/2026 12:58:38] "GET /admin-users.html HTTP/1.1" 304 -
::1 - - [05/Sep/2026 12:58:38] "GET /admin.js?v=1788601712 HTTP/1.1" 304 -
::1 - - [05/Sep/2026 13:10:44] "GET /admin-users.html HTTP/1.1" 200 -
::1 - - [05/Sep/2026 13:10:44] "GET /styles.css HTTP/1.1" 200 -
::1 - - [05/Sep/2026 13:10:44] "GET /security.js?v=1788601712 HTTP/1.1" 200 -
::1 - - [05/Sep/2026 13:10:44] "GET /api.js?v=1788601712 HTTP/1.1" 200 -
::1 - - [05/Sep/2026 13:10:44] "GET /products.js?v=1788601712 HTTP/1.1" 200 -
::1 - - [05/Sep/2026 13:10:44] "GET /cart.js?v=1788601712 HTTP/1.1" 200 -
::1 - - [05/Sep/2026 13:10:44] "GET /auth.js?v=1788601712 HTTP/1.1" 200 -
::1 - - [05/Sep/2026 13:10:44] "GET /scripts.js?v=1788601712 HTTP/1.1" 200 -
::1 - - [05/Sep/2026 13:10:44] "GET /admin.js?v=1788601712 HTTP/1.1" 200 -
::1 - - [05/Sep/2026 13:10:46] "GET /favicon.ico HTTP/1.1" 200 -
::1 - - [05/Sep/2026 13:13:18] "GET /admin-users.html HTTP/1.1" 200 -
::1 - - [05/Sep/2026 13:13:18] "GET /styles.css HTTP/1.1" 200 -
::1 - - [05/Sep/2026 13:13:18] "GET /security.js?v=1788609000 HTTP/1.1" 200 -
::1 - - [05/Sep/2026 13:13:18] "GET /api.js?v=1788609000 HTTP/1.1" 200 -
::1 - - [05/Sep/2026 13:13:18] "GET /products.js?v=1788609000 HTTP/1.1" 200 -
::1 - - [05/Sep/2026 13:13:18] "GET /cart.js?v=1788609000 HTTP/1.1" 200 -
::1 - - [05/Sep/2026 13:13:18] "GET /auth.js?v=1788609000 HTTP/1.1" 200 -
::1 - - [05/Sep/2026 13:13:18] "GET /scripts.js?v=1788609000 HTTP/1.1" 200 -
::1 - - [05/Sep/2026 13:13:18] "GET /admin.js?v=1788609000 HTTP/1.1" 200 -
::1 - - [05/Sep/2026 13:13:18] "GET /admin-users.js?v=1788609000 HTTP/1.1" 200 -
::1 - - [05/Sep/2026 13:13:19] "GET /favicon.ico HTTP/1.1" 200 -
::1 - - [05/Sep/2026 13:13:21] "GET /admin-users.html HTTP/1.1" 200 -
::1 - - [05/Sep/2026 13:13:21] "GET /admin-users.js?v=1788609000 HTTP/1.1" 200 -
